Archive member included because of file (symbol)

/usr/local/CrossPack-AVR-20131216/lib/gcc/avr/4.8.1/avr5/libgcc.a(_exit.o)
                              /usr/local/CrossPack-AVR-20131216/lib/gcc/avr/4.8.1/../../../../avr/lib/avr5/crtm328p.o (exit)
/usr/local/CrossPack-AVR-20131216/lib/gcc/avr/4.8.1/avr5/libgcc.a(_copy_data.o)
                              ./src/main.o (__do_copy_data)
/usr/local/CrossPack-AVR-20131216/lib/gcc/avr/4.8.1/avr5/libgcc.a(_clear_bss.o)
                              ./src/main.o (__do_clear_bss)
/usr/local/CrossPack-AVR-20131216/lib/gcc/avr/4.8.1/../../../../avr/lib/avr5/libc.a(malloc.o)
                              ./w5500src/w5500.o (malloc)
/usr/local/CrossPack-AVR-20131216/lib/gcc/avr/4.8.1/../../../../avr/lib/avr5/libc.a(memcpy.o)
                              ./w5500src/w5500.o (memcpy)
/usr/local/CrossPack-AVR-20131216/lib/gcc/avr/4.8.1/../../../../avr/lib/avr5/libc.a(memmove.o)
                              ./w5500src/w5500.o (memmove)

Allocating common symbols
Common symbol       size              file

sockID              0x1               ./src/main.o
PAC                 0x12              ./src/main.o
__brkval            0x2               /usr/local/CrossPack-AVR-20131216/lib/gcc/avr/4.8.1/../../../../avr/lib/avr5/libc.a(malloc.o)
__flp               0x2               /usr/local/CrossPack-AVR-20131216/lib/gcc/avr/4.8.1/../../../../avr/lib/avr5/libc.a(malloc.o)

Memory Configuration

Name             Origin             Length             Attributes
text             0x00000000         0x00020000         xr
data             0x00800060         0x0000ffa0         rw !x
eeprom           0x00810000         0x00010000         rw !x
fuse             0x00820000         0x00000400         rw !x
lock             0x00830000         0x00000400         rw !x
signature        0x00840000         0x00000400         rw !x
user_signatures  0x00850000         0x00000400         rw !x
*default*        0x00000000         0xffffffff

Linker script and memory map

Address of section .data set to 0x800100
LOAD /usr/local/CrossPack-AVR-20131216/lib/gcc/avr/4.8.1/../../../../avr/lib/avr5/crtm328p.o
LOAD ./w5500src/w5500.o
LOAD ./src/main.o
LOAD ./Atmega328Psrc/AtMega328P_SPI.o
LOAD ./Atmega328Psrc/AtMega328P_UART.o
START GROUP
LOAD /usr/local/CrossPack-AVR-20131216/lib/gcc/avr/4.8.1/avr5/libgcc.a
LOAD /usr/local/CrossPack-AVR-20131216/lib/gcc/avr/4.8.1/../../../../avr/lib/avr5/libm.a
LOAD /usr/local/CrossPack-AVR-20131216/lib/gcc/avr/4.8.1/../../../../avr/lib/avr5/libc.a
END GROUP

.hash
 *(.hash)

.dynsym
 *(.dynsym)

.dynstr
 *(.dynstr)

.gnu.version
 *(.gnu.version)

.gnu.version_d
 *(.gnu.version_d)

.gnu.version_r
 *(.gnu.version_r)

.rel.init
 *(.rel.init)

.rela.init
 *(.rela.init)

.rel.text
 *(.rel.text)
 *(.rel.text.*)
 *(.rel.gnu.linkonce.t*)

.rela.text
 *(.rela.text)
 *(.rela.text.*)
 *(.rela.gnu.linkonce.t*)

.rel.fini
 *(.rel.fini)

.rela.fini
 *(.rela.fini)

.rel.rodata
 *(.rel.rodata)
 *(.rel.rodata.*)
 *(.rel.gnu.linkonce.r*)

.rela.rodata
 *(.rela.rodata)
 *(.rela.rodata.*)
 *(.rela.gnu.linkonce.r*)

.rel.data
 *(.rel.data)
 *(.rel.data.*)
 *(.rel.gnu.linkonce.d*)

.rela.data
 *(.rela.data)
 *(.rela.data.*)
 *(.rela.gnu.linkonce.d*)

.rel.ctors
 *(.rel.ctors)

.rela.ctors
 *(.rela.ctors)

.rel.dtors
 *(.rel.dtors)

.rela.dtors
 *(.rela.dtors)

.rel.got
 *(.rel.got)

.rela.got
 *(.rela.got)

.rel.bss
 *(.rel.bss)

.rela.bss
 *(.rela.bss)

.rel.plt
 *(.rel.plt)

.rela.plt
 *(.rela.plt)

.text           0x00000000      0xcac
 *(.vectors)
 .vectors       0x00000000       0x68 /usr/local/CrossPack-AVR-20131216/lib/gcc/avr/4.8.1/../../../../avr/lib/avr5/crtm328p.o
                0x00000000                __vectors
                0x00000000                __vector_default
 *(.vectors)
 *(.progmem.gcc*)
                0x00000068                . = ALIGN (0x2)
                0x00000068                __trampolines_start = .
 *(.trampolines)
 .trampolines   0x00000068        0x0 linker stubs
 *(.trampolines*)
                0x00000068                __trampolines_end = .
 *(.progmem*)
                0x00000068                . = ALIGN (0x2)
 *(.jumptables)
 *(.jumptables*)
 *(.lowtext)
 *(.lowtext*)
                0x00000068                __ctors_start = .
 *(.ctors)
                0x00000068                __ctors_end = .
                0x00000068                __dtors_start = .
 *(.dtors)
                0x00000068                __dtors_end = .
 SORT(*)(.ctors)
 SORT(*)(.dtors)
 *(.init0)
 .init0         0x00000068        0x0 /usr/local/CrossPack-AVR-20131216/lib/gcc/avr/4.8.1/../../../../avr/lib/avr5/crtm328p.o
                0x00000068                __init
 *(.init0)
 *(.init1)
 *(.init1)
 *(.init2)
 .init2         0x00000068        0xc /usr/local/CrossPack-AVR-20131216/lib/gcc/avr/4.8.1/../../../../avr/lib/avr5/crtm328p.o
 *(.init2)
 *(.init3)
 *(.init3)
 *(.init4)
 .init4         0x00000074       0x16 /usr/local/CrossPack-AVR-20131216/lib/gcc/avr/4.8.1/avr5/libgcc.a(_copy_data.o)
                0x00000074                __do_copy_data
 .init4         0x0000008a       0x10 /usr/local/CrossPack-AVR-20131216/lib/gcc/avr/4.8.1/avr5/libgcc.a(_clear_bss.o)
                0x0000008a                __do_clear_bss
 *(.init4)
 *(.init5)
 *(.init5)
 *(.init6)
 *(.init6)
 *(.init7)
 *(.init7)
 *(.init8)
 *(.init8)
 *(.init9)
 .init9         0x0000009a        0x8 /usr/local/CrossPack-AVR-20131216/lib/gcc/avr/4.8.1/../../../../avr/lib/avr5/crtm328p.o
 *(.init9)
 *(.text)
 .text          0x000000a2        0x4 /usr/local/CrossPack-AVR-20131216/lib/gcc/avr/4.8.1/../../../../avr/lib/avr5/crtm328p.o
                0x000000a2                __vector_20
                0x000000a2                __vector_1
                0x000000a2                __vector_24
                0x000000a2                __vector_12
                0x000000a2                __bad_interrupt
                0x000000a2                __vector_6
                0x000000a2                __vector_3
                0x000000a2                __vector_23
                0x000000a2                __vector_25
                0x000000a2                __vector_11
                0x000000a2                __vector_13
                0x000000a2                __vector_17
                0x000000a2                __vector_19
                0x000000a2                __vector_7
                0x000000a2                __vector_5
                0x000000a2                __vector_4
                0x000000a2                __vector_9
                0x000000a2                __vector_2
                0x000000a2                __vector_21
                0x000000a2                __vector_15
                0x000000a2                __vector_8
                0x000000a2                __vector_14
                0x000000a2                __vector_10
                0x000000a2                __vector_16
                0x000000a2                __vector_18
                0x000000a2                __vector_22
 .text          0x000000a6        0x0 ./w5500src/w5500.o
 .text          0x000000a6        0x0 ./src/main.o
 .text          0x000000a6        0x0 ./Atmega328Psrc/AtMega328P_SPI.o
 .text          0x000000a6        0x0 ./Atmega328Psrc/AtMega328P_UART.o
 .text          0x000000a6        0x0 /usr/local/CrossPack-AVR-20131216/lib/gcc/avr/4.8.1/avr5/libgcc.a(_exit.o)
 .text          0x000000a6        0x0 /usr/local/CrossPack-AVR-20131216/lib/gcc/avr/4.8.1/avr5/libgcc.a(_copy_data.o)
 .text          0x000000a6        0x0 /usr/local/CrossPack-AVR-20131216/lib/gcc/avr/4.8.1/avr5/libgcc.a(_clear_bss.o)
 .text          0x000000a6        0x0 /usr/local/CrossPack-AVR-20131216/lib/gcc/avr/4.8.1/../../../../avr/lib/avr5/libc.a(malloc.o)
 .text          0x000000a6        0x0 /usr/local/CrossPack-AVR-20131216/lib/gcc/avr/4.8.1/../../../../avr/lib/avr5/libc.a(memcpy.o)
 .text          0x000000a6        0x0 /usr/local/CrossPack-AVR-20131216/lib/gcc/avr/4.8.1/../../../../avr/lib/avr5/libc.a(memmove.o)
                0x000000a6                . = ALIGN (0x2)
 *(.text.*)
 .text.w5500packetInit
                0x000000a6       0x6a ./w5500src/w5500.o
                0x000000a6                w5500packetInit
 .text.w5500WritepacketConstruct
                0x00000110       0x4e ./w5500src/w5500.o
                0x00000110                w5500WritepacketConstruct
 .text.w5500ReadpacketConstruct
                0x0000015e       0x3a ./w5500src/w5500.o
                0x0000015e                w5500ReadpacketConstruct
 .text.w5500SourceHWConfig
                0x00000198       0xf8 ./w5500src/w5500.o
                0x00000198                w5500SourceHWConfig
 .text.w5500UDPSockConfig
                0x00000290      0x214 ./w5500src/w5500.o
                0x00000290                w5500UDPSockConfig
 .text.w5500UDPServerSockConfig
                0x000004a4      0x15c ./w5500src/w5500.o
                0x000004a4                w5500UDPServerSockConfig
 .text.w5500UDPsend
                0x00000600      0x150 ./w5500src/w5500.o
                0x00000600                w5500UDPsend
 .text.w5500UDPrecv
                0x00000750      0x1a4 ./w5500src/w5500.o
                0x00000750                w5500UDPrecv
 .text.startup.main
                0x000008f4       0xbc ./src/main.o
                0x000008f4                main
 .text.SPI328P_MasterInit
                0x000009b0       0x16 ./Atmega328Psrc/AtMega328P_SPI.o
                0x000009b0                SPI328P_MasterInit
 .text.SPI328P_MasterTransaction
                0x000009c6       0x28 ./Atmega328Psrc/AtMega328P_SPI.o
                0x000009c6                SPI328P_MasterTransaction
 .text.USART328P_Init
                0x000009ee       0x16 ./Atmega328Psrc/AtMega328P_UART.o
                0x000009ee                USART328P_Init
 .text.USART328P_Transmit
                0x00000a04       0x20 ./Atmega328Psrc/AtMega328P_UART.o
                0x00000a04                USART328P_Transmit
 .text.libgcc.mul
                0x00000a24        0x0 /usr/local/CrossPack-AVR-20131216/lib/gcc/avr/4.8.1/avr5/libgcc.a(_exit.o)
 .text.libgcc.div
                0x00000a24        0x0 /usr/local/CrossPack-AVR-20131216/lib/gcc/avr/4.8.1/avr5/libgcc.a(_exit.o)
 .text.libgcc   0x00000a24        0x0 /usr/local/CrossPack-AVR-20131216/lib/gcc/avr/4.8.1/avr5/libgcc.a(_exit.o)
 .text.libgcc.prologue
                0x00000a24        0x0 /usr/local/CrossPack-AVR-20131216/lib/gcc/avr/4.8.1/avr5/libgcc.a(_exit.o)
 .text.libgcc.builtins
                0x00000a24        0x0 /usr/local/CrossPack-AVR-20131216/lib/gcc/avr/4.8.1/avr5/libgcc.a(_exit.o)
 .text.libgcc.fmul
                0x00000a24        0x0 /usr/local/CrossPack-AVR-20131216/lib/gcc/avr/4.8.1/avr5/libgcc.a(_exit.o)
 .text.libgcc.fixed
                0x00000a24        0x0 /usr/local/CrossPack-AVR-20131216/lib/gcc/avr/4.8.1/avr5/libgcc.a(_exit.o)
 .text.libgcc.mul
                0x00000a24        0x0 /usr/local/CrossPack-AVR-20131216/lib/gcc/avr/4.8.1/avr5/libgcc.a(_copy_data.o)
 .text.libgcc.div
                0x00000a24        0x0 /usr/local/CrossPack-AVR-20131216/lib/gcc/avr/4.8.1/avr5/libgcc.a(_copy_data.o)
 .text.libgcc   0x00000a24        0x0 /usr/local/CrossPack-AVR-20131216/lib/gcc/avr/4.8.1/avr5/libgcc.a(_copy_data.o)
 .text.libgcc.prologue
                0x00000a24        0x0 /usr/local/CrossPack-AVR-20131216/lib/gcc/avr/4.8.1/avr5/libgcc.a(_copy_data.o)
 .text.libgcc.builtins
                0x00000a24        0x0 /usr/local/CrossPack-AVR-20131216/lib/gcc/avr/4.8.1/avr5/libgcc.a(_copy_data.o)
 .text.libgcc.fmul
                0x00000a24        0x0 /usr/local/CrossPack-AVR-20131216/lib/gcc/avr/4.8.1/avr5/libgcc.a(_copy_data.o)
 .text.libgcc.fixed
                0x00000a24        0x0 /usr/local/CrossPack-AVR-20131216/lib/gcc/avr/4.8.1/avr5/libgcc.a(_copy_data.o)
 .text.libgcc.mul
                0x00000a24        0x0 /usr/local/CrossPack-AVR-20131216/lib/gcc/avr/4.8.1/avr5/libgcc.a(_clear_bss.o)
 .text.libgcc.div
                0x00000a24        0x0 /usr/local/CrossPack-AVR-20131216/lib/gcc/avr/4.8.1/avr5/libgcc.a(_clear_bss.o)
 .text.libgcc   0x00000a24        0x0 /usr/local/CrossPack-AVR-20131216/lib/gcc/avr/4.8.1/avr5/libgcc.a(_clear_bss.o)
 .text.libgcc.prologue
                0x00000a24        0x0 /usr/local/CrossPack-AVR-20131216/lib/gcc/avr/4.8.1/avr5/libgcc.a(_clear_bss.o)
 .text.libgcc.builtins
                0x00000a24        0x0 /usr/local/CrossPack-AVR-20131216/lib/gcc/avr/4.8.1/avr5/libgcc.a(_clear_bss.o)
 .text.libgcc.fmul
                0x00000a24        0x0 /usr/local/CrossPack-AVR-20131216/lib/gcc/avr/4.8.1/avr5/libgcc.a(_clear_bss.o)
 .text.libgcc.fixed
                0x00000a24        0x0 /usr/local/CrossPack-AVR-20131216/lib/gcc/avr/4.8.1/avr5/libgcc.a(_clear_bss.o)
 .text.avr-libc
                0x00000a24      0x24e /usr/local/CrossPack-AVR-20131216/lib/gcc/avr/4.8.1/../../../../avr/lib/avr5/libc.a(malloc.o)
                0x00000a24                malloc
                0x00000b54                free
 .text.avr-libc
                0x00000c72       0x12 /usr/local/CrossPack-AVR-20131216/lib/gcc/avr/4.8.1/../../../../avr/lib/avr5/libc.a(memcpy.o)
                0x00000c72                memcpy
 .text.avr-libc
                0x00000c84       0x24 /usr/local/CrossPack-AVR-20131216/lib/gcc/avr/4.8.1/../../../../avr/lib/avr5/libc.a(memmove.o)
                0x00000c84                memmove
                0x00000ca8                . = ALIGN (0x2)
 *(.fini9)
 .fini9         0x00000ca8        0x0 /usr/local/CrossPack-AVR-20131216/lib/gcc/avr/4.8.1/avr5/libgcc.a(_exit.o)
                0x00000ca8                exit
                0x00000ca8                _exit
 *(.fini9)
 *(.fini8)
 *(.fini8)
 *(.fini7)
 *(.fini7)
 *(.fini6)
 *(.fini6)
 *(.fini5)
 *(.fini5)
 *(.fini4)
 *(.fini4)
 *(.fini3)
 *(.fini3)
 *(.fini2)
 *(.fini2)
 *(.fini1)
 *(.fini1)
 *(.fini0)
 .fini0         0x00000ca8        0x4 /usr/local/CrossPack-AVR-20131216/lib/gcc/avr/4.8.1/avr5/libgcc.a(_exit.o)
 *(.fini0)
                0x00000cac                _etext = .

.data           0x00800100       0x1c load address 0x00000cac
                0x00800100                PROVIDE (__data_start, .)
 *(.data)
 .data          0x00800100        0x0 /usr/local/CrossPack-AVR-20131216/lib/gcc/avr/4.8.1/../../../../avr/lib/avr5/crtm328p.o
 .data          0x00800100        0x0 ./w5500src/w5500.o
 .data          0x00800100        0x0 ./src/main.o
 .data          0x00800100        0x0 ./Atmega328Psrc/AtMega328P_SPI.o
 .data          0x00800100        0x0 ./Atmega328Psrc/AtMega328P_UART.o
 .data          0x00800100        0x0 /usr/local/CrossPack-AVR-20131216/lib/gcc/avr/4.8.1/avr5/libgcc.a(_exit.o)
 .data          0x00800100        0x0 /usr/local/CrossPack-AVR-20131216/lib/gcc/avr/4.8.1/avr5/libgcc.a(_copy_data.o)
 .data          0x00800100        0x0 /usr/local/CrossPack-AVR-20131216/lib/gcc/avr/4.8.1/avr5/libgcc.a(_clear_bss.o)
 .data          0x00800100        0x6 /usr/local/CrossPack-AVR-20131216/lib/gcc/avr/4.8.1/../../../../avr/lib/avr5/libc.a(malloc.o)
                0x00800100                __malloc_heap_end
                0x00800102                __malloc_heap_start
                0x00800104                __malloc_margin
 .data          0x00800106        0x0 /usr/local/CrossPack-AVR-20131216/lib/gcc/avr/4.8.1/../../../../avr/lib/avr5/libc.a(memcpy.o)
 .data          0x00800106        0x0 /usr/local/CrossPack-AVR-20131216/lib/gcc/avr/4.8.1/../../../../avr/lib/avr5/libc.a(memmove.o)
 *(.data*)
 .data.pac      0x00800106        0x2 ./src/main.o
                0x00800106                pac
 .data.sPort    0x00800108        0x2 ./src/main.o
                0x00800108                sPort
 .data.myIP     0x0080010a        0x4 ./src/main.o
                0x0080010a                myIP
 .data.mySUBMASK
                0x0080010e        0x4 ./src/main.o
                0x0080010e                mySUBMASK
 .data.myMACADDR
                0x00800112        0x6 ./src/main.o
                0x00800112                myMACADDR
 .data.myDEFGATEWAY
                0x00800118        0x4 ./src/main.o
                0x00800118                myDEFGATEWAY
 *(.rodata)
 *(.rodata*)
 *(.gnu.linkonce.d*)
                0x0080011c                . = ALIGN (0x2)
                0x0080011c                _edata = .
                0x0080011c                PROVIDE (__data_end, .)

.bss            0x0080011c       0x19
                0x0080011c                PROVIDE (__bss_start, .)
 *(.bss)
 .bss           0x0080011c        0x0 /usr/local/CrossPack-AVR-20131216/lib/gcc/avr/4.8.1/../../../../avr/lib/avr5/crtm328p.o
 .bss           0x0080011c        0x0 ./w5500src/w5500.o
 .bss           0x0080011c        0x0 ./src/main.o
 .bss           0x0080011c        0x0 ./Atmega328Psrc/AtMega328P_SPI.o
 .bss           0x0080011c        0x0 ./Atmega328Psrc/AtMega328P_UART.o
 .bss           0x0080011c        0x0 /usr/local/CrossPack-AVR-20131216/lib/gcc/avr/4.8.1/avr5/libgcc.a(_exit.o)
 .bss           0x0080011c        0x0 /usr/local/CrossPack-AVR-20131216/lib/gcc/avr/4.8.1/avr5/libgcc.a(_copy_data.o)
 .bss           0x0080011c        0x0 /usr/local/CrossPack-AVR-20131216/lib/gcc/avr/4.8.1/avr5/libgcc.a(_clear_bss.o)
 .bss           0x0080011c        0x0 /usr/local/CrossPack-AVR-20131216/lib/gcc/avr/4.8.1/../../../../avr/lib/avr5/libc.a(malloc.o)
 .bss           0x0080011c        0x0 /usr/local/CrossPack-AVR-20131216/lib/gcc/avr/4.8.1/../../../../avr/lib/avr5/libc.a(memcpy.o)
 .bss           0x0080011c        0x0 /usr/local/CrossPack-AVR-20131216/lib/gcc/avr/4.8.1/../../../../avr/lib/avr5/libc.a(memmove.o)
 *(.bss*)
 .bss.dataBuf   0x0080011c        0x2 ./src/main.o
                0x0080011c                dataBuf
 *(COMMON)
 COMMON         0x0080011e       0x13 ./src/main.o
                0x0080011e                sockID
                0x0080011f                PAC
 COMMON         0x00800131        0x4 /usr/local/CrossPack-AVR-20131216/lib/gcc/avr/4.8.1/../../../../avr/lib/avr5/libc.a(malloc.o)
                0x00800131                __brkval
                0x00800133                __flp
                0x00800135                PROVIDE (__bss_end, .)
                0x00000cac                __data_load_start = LOADADDR (.data)
                0x00000cc8                __data_load_end = (__data_load_start + SIZEOF (.data))

.noinit         0x00800135        0x0
                0x00800135                PROVIDE (__noinit_start, .)
 *(.noinit*)
                0x00800135                PROVIDE (__noinit_end, .)
                0x00800135                _end = .
                0x00800135                PROVIDE (__heap_start, .)

.eeprom         0x00810000        0x0
 *(.eeprom*)
                0x00810000                __eeprom_end = .

.fuse
 *(.fuse)
 *(.lfuse)
 *(.hfuse)
 *(.efuse)

.lock
 *(.lock*)

.signature
 *(.signature*)

.user_signatures
 *(.user_signatures*)

.stab
 *(.stab)

.stabstr
 *(.stabstr)

.stab.excl
 *(.stab.excl)

.stab.exclstr
 *(.stab.exclstr)

.stab.index
 *(.stab.index)

.stab.indexstr
 *(.stab.indexstr)

.comment        0x00000000       0x11
 *(.comment)
 .comment       0x00000000       0x11 ./w5500src/w5500.o
                                 0x12 (size before relaxing)
 .comment       0x00000000       0x12 ./src/main.o
 .comment       0x00000000       0x12 ./Atmega328Psrc/AtMega328P_SPI.o
 .comment       0x00000000       0x12 ./Atmega328Psrc/AtMega328P_UART.o
 .comment       0x00000000       0x12 /usr/local/CrossPack-AVR-20131216/lib/gcc/avr/4.8.1/../../../../avr/lib/avr5/libc.a(malloc.o)

.debug
 *(.debug)

.line
 *(.line)

.debug_srcinfo
 *(.debug_srcinfo)

.debug_sfnames
 *(.debug_sfnames)

.debug_aranges  0x00000000       0x60
 *(.debug_aranges)
 .debug_aranges
                0x00000000       0x20 /usr/local/CrossPack-AVR-20131216/lib/gcc/avr/4.8.1/avr5/libgcc.a(_exit.o)
 .debug_aranges
                0x00000020       0x20 /usr/local/CrossPack-AVR-20131216/lib/gcc/avr/4.8.1/avr5/libgcc.a(_copy_data.o)
 .debug_aranges
                0x00000040       0x20 /usr/local/CrossPack-AVR-20131216/lib/gcc/avr/4.8.1/avr5/libgcc.a(_clear_bss.o)

.debug_pubnames
 *(.debug_pubnames)

.debug_info     0x00000000      0x23a
 *(.debug_info)
 .debug_info    0x00000000       0xbe /usr/local/CrossPack-AVR-20131216/lib/gcc/avr/4.8.1/avr5/libgcc.a(_exit.o)
 .debug_info    0x000000be       0xbe /usr/local/CrossPack-AVR-20131216/lib/gcc/avr/4.8.1/avr5/libgcc.a(_copy_data.o)
 .debug_info    0x0000017c       0xbe /usr/local/CrossPack-AVR-20131216/lib/gcc/avr/4.8.1/avr5/libgcc.a(_clear_bss.o)
 *(.gnu.linkonce.wi.*)

.debug_abbrev   0x00000000       0x3c
 *(.debug_abbrev)
 .debug_abbrev  0x00000000       0x14 /usr/local/CrossPack-AVR-20131216/lib/gcc/avr/4.8.1/avr5/libgcc.a(_exit.o)
 .debug_abbrev  0x00000014       0x14 /usr/local/CrossPack-AVR-20131216/lib/gcc/avr/4.8.1/avr5/libgcc.a(_copy_data.o)
 .debug_abbrev  0x00000028       0x14 /usr/local/CrossPack-AVR-20131216/lib/gcc/avr/4.8.1/avr5/libgcc.a(_clear_bss.o)

.debug_line     0x00000000      0x117
 *(.debug_line)
 .debug_line    0x00000000       0x58 /usr/local/CrossPack-AVR-20131216/lib/gcc/avr/4.8.1/avr5/libgcc.a(_exit.o)
 .debug_line    0x00000058       0x61 /usr/local/CrossPack-AVR-20131216/lib/gcc/avr/4.8.1/avr5/libgcc.a(_copy_data.o)
 .debug_line    0x000000b9       0x5e /usr/local/CrossPack-AVR-20131216/lib/gcc/avr/4.8.1/avr5/libgcc.a(_clear_bss.o)

.debug_frame
 *(.debug_frame)

.debug_str
 *(.debug_str)

.debug_loc
 *(.debug_loc)

.debug_macinfo
 *(.debug_macinfo)

.debug_pubtypes
 *(.debug_pubtypes)

.debug_ranges
 *(.debug_ranges)

.debug_macro
 *(.debug_macro)
OUTPUT(Arduino_GenPWM.elf elf32-avr)
LOAD linker stubs
